2026-09-30T08:00:01.112Z INFO  [main] webshop-api v2.14.3 indul (pod=webshop-api-7d9f8b6c5d-x4k2p, namespace=prod, node=aks-nodepool1-2)
2026-09-30T08:00:01.348Z INFO  [config] Konfiguráció betöltve: /etc/webshop/config.yaml
2026-09-30T08:00:01.902Z INFO  [db] Kapcsolódás az adatbázishoz: postgres://webshop-db.prod.svc.cluster.local:5432/webshop
2026-09-30T08:00:02.417Z INFO  [db] Kapcsolat létrejött, kapcsolatkészlet mérete: 20
2026-09-30T08:00:02.655Z INFO  [cache] Redis kapcsolat rendben: redis-master.prod.svc.cluster.local:6379
2026-09-30T08:00:02.871Z INFO  [http] HTTP szerver elindult a 8080-as porton
2026-09-30T08:00:03.004Z INFO  [health] Readiness probe: OK
2026-09-30T08:00:15.220Z INFO  [http] GET /api/termekek 200 34ms
2026-09-30T08:00:41.530Z INFO  [http] GET /api/termekek/1042 200 12ms
2026-09-30T08:01:12.088Z INFO  [http] POST /api/kosar 201 45ms
2026-09-30T08:02:30.774Z INFO  [http] GET /api/termekek?kategoria=laptop 200 41ms
2026-09-30T08:05:00.001Z INFO  [health] Liveness probe: OK
2026-09-30T08:12:44.319Z INFO  [http] POST /api/rendeles 201 118ms
2026-09-30T08:12:44.402Z INFO  [mail] Visszaigazoló e-mail elküldve: rendeles_id=88213
2026-09-30T08:30:00.002Z INFO  [health] Liveness probe: OK
2026-09-30T08:47:18.660Z INFO  [http] GET /api/termekek/2210 200 15ms
2026-09-30T09:00:00.001Z INFO  [health] Liveness probe: OK
2026-09-30T09:00:00.120Z INFO  [metrics] Aktív kapcsolatok: 7/20, átlagos válaszidő: 38ms
2026-09-30T09:11:05.233Z INFO  [http] GET /api/termekek 200 36ms
2026-09-30T09:14:22.907Z WARN  [db] Lassú lekérdezés (2310ms): SELECT * FROM rendelesek WHERE felhasznalo_id = $1
2026-09-30T09:14:23.115Z WARN  [http] GET /api/rendelesek 200 2342ms
2026-09-30T09:15:47.381Z WARN  [db] Lassú lekérdezés (3870ms): SELECT * FROM termekek WHERE kategoria = $1
2026-09-30T09:16:02.640Z WARN  [metrics] Aktív kapcsolatok: 18/20, átlagos válaszidő: 1840ms
2026-09-30T09:16:30.012Z WARN  [db] A kapcsolatkészlet majdnem megtelt (19/20), a kérések várakozásra kényszerülnek
2026-09-30T09:17:11.504Z ERROR [db] Nem sikerült kapcsolatot kérni a készletből: időtúllépés 5000ms után
2026-09-30T09:17:11.506Z ERROR [http] GET /api/termekek 503 5004ms - Az adatbázis jelenleg nem elérhető
2026-09-30T09:17:14.219Z ERROR [db] Adatbázis kapcsolat megszakadt: read tcp 10.244.2.17:48312->10.0.34.8:5432: connection reset by peer
2026-09-30T09:17:14.220Z WARN  [db] Újracsatlakozási kísérlet 1/5 (várakozás: 1s)
2026-09-30T09:17:15.432Z ERROR [db] Újracsatlakozás sikertelen: dial tcp 10.0.34.8:5432: connect: connection refused
2026-09-30T09:17:15.433Z WARN  [db] Újracsatlakozási kísérlet 2/5 (várakozás: 2s)
2026-09-30T09:17:17.651Z ERROR [db] Újracsatlakozás sikertelen: dial tcp 10.0.34.8:5432: connect: connection refused
2026-09-30T09:17:17.652Z WARN  [db] Újracsatlakozási kísérlet 3/5 (várakozás: 4s)
2026-09-30T09:17:21.873Z ERROR [db] Újracsatlakozás sikertelen: dial tcp 10.0.34.8:5432: connect: connection refused
2026-09-30T09:17:21.874Z WARN  [db] Újracsatlakozási kísérlet 4/5 (várakozás: 8s)
2026-09-30T09:17:30.095Z ERROR [db] Újracsatlakozás sikertelen: dial tcp 10.0.34.8:5432: connect: connection refused
2026-09-30T09:17:30.096Z WARN  [db] Újracsatlakozási kísérlet 5/5 (várakozás: 16s)
2026-09-30T09:17:46.311Z ERROR [db] Újracsatlakozás sikertelen: az adatbázis-kiszolgáló nem fogad kapcsolatot
2026-09-30T09:17:46.312Z ERROR [db] Az adatbázis tartósan elérhetetlen, az alkalmazás csökkentett módban fut
2026-09-30T09:17:46.500Z ERROR [health] Readiness probe: SIKERTELEN (adatbázis nem elérhető)
2026-09-30T09:17:52.004Z ERROR [http] POST /api/rendeles 500 12ms - Belső hiba: a rendelés nem menthető, nincs adatbázis-kapcsolat
2026-09-30T09:18:03.771Z ERROR [http] GET /api/kosar 500 9ms - Belső hiba: a kosár tartalma nem olvasható
2026-09-30T09:18:20.128Z WARN  [cache] Gyorsítótár találat a /api/termekek végponthoz (elavult adat, TTL lejárt 94s-sel ezelőtt)
2026-09-30T09:18:41.256Z ERROR [http] GET /api/termekek/1042 404 6ms - A keresett termék nem található: id=1042
2026-09-30T09:18:41.257Z WARN  [cache] Hiányzó gyorsítótár-bejegyzés: termek:1042, az adatbázis pedig nem elérhető
2026-09-30T09:19:10.443Z ERROR [config] Nem található a fájl: /etc/webshop/feature-flags.yaml (No such file or directory)
2026-09-30T09:19:10.444Z WARN  [config] Alapértelmezett funkciókapcsolók használata
2026-09-30T09:19:33.902Z ERROR [secret] A titok nem található: secret/webshop-db-credentials (kulcs: password)
2026-09-30T09:19:33.903Z ERROR [db] Hitelesítési adatok frissítése sikertelen, a meglévő jelszó nem használható
2026-09-30T09:20:00.001Z ERROR [health] Liveness probe: SIKERTELEN (3/3 egymás utáni hiba)
2026-09-30T09:20:00.350Z ERROR [http] GET /api/rendelesek 404 4ms - A végpont nem található: /api/rendelesek/osszesito
2026-09-30T09:20:05.120Z FATAL [main] Kritikus hiba: az alkalmazás nem tudja folytatni a működést
2026-09-30T09:20:05.121Z FATAL [main] Ok: az adatbázis elérhetetlen és a hitelesítési titok hiányzik
2026-09-30T09:20:05.122Z INFO  [main] Leállítás megkezdve, folyamatban lévő kérések lezárása (max. 10s)
2026-09-30T09:20:05.890Z WARN  [http] 3 folyamatban lévő kérés megszakítva
2026-09-30T09:20:06.004Z INFO  [main] Leállítás befejezve, kilépési kód: 1
2026-09-30T09:20:07.000Z WARN  [k8s] Konténer leállt (exit code 1), a kubelet újraindítja (RestartCount=1)
2026-09-30T09:20:12.310Z INFO  [main] webshop-api v2.14.3 indul (pod=webshop-api-7d9f8b6c5d-x4k2p, namespace=prod, node=aks-nodepool1-2)
2026-09-30T09:20:12.801Z ERROR [secret] A titok nem található: secret/webshop-db-credentials (kulcs: password)
2026-09-30T09:20:12.802Z FATAL [main] Az indítás sikertelen: hiányzó adatbázis-jelszó
2026-09-30T09:20:13.000Z WARN  [k8s] Konténer leállt (exit code 1), RestartCount=2
2026-09-30T09:20:43.000Z WARN  [k8s] CrashLoopBackOff: a konténer újraindítása 30s késleltetéssel
2026-09-30T09:21:14.310Z INFO  [main] webshop-api v2.14.3 indul (pod=webshop-api-7d9f8b6c5d-x4k2p, namespace=prod, node=aks-nodepool1-2)
2026-09-30T09:21:14.790Z ERROR [secret] A titok nem található: secret/webshop-db-credentials (kulcs: password)
2026-09-30T09:21:14.791Z FATAL [main] Az indítás sikertelen: hiányzó adatbázis-jelszó
2026-09-30T09:21:15.000Z WARN  [k8s] CrashLoopBackOff: a konténer újraindítása 60s késleltetéssel (RestartCount=3)
2026-09-30T09:26:40.000Z INFO  [k8s] Külső esemény: a secret/webshop-db-credentials újra létrejött (external-secrets szinkron)
2026-09-30T09:26:55.000Z INFO  [k8s] Külső esemény: az adatbázis-kiszolgáló (webshop-db-0) újraindult és készen áll
2026-09-30T09:27:14.310Z INFO  [main] webshop-api v2.14.3 indul (pod=webshop-api-7d9f8b6c5d-x4k2p, namespace=prod, node=aks-nodepool1-2)
2026-09-30T09:27:14.602Z INFO  [config] Konfiguráció betöltve: /etc/webshop/config.yaml
2026-09-30T09:27:14.655Z INFO  [config] Funkciókapcsolók betöltve: /etc/webshop/feature-flags.yaml
2026-09-30T09:27:14.890Z INFO  [secret] Adatbázis hitelesítési adatok betöltve
2026-09-30T09:27:15.240Z INFO  [db] Kapcsolódás az adatbázishoz: postgres://webshop-db.prod.svc.cluster.local:5432/webshop
2026-09-30T09:27:15.987Z INFO  [db] Kapcsolat létrejött, kapcsolatkészlet mérete: 20
2026-09-30T09:27:16.120Z INFO  [cache] Redis kapcsolat rendben: redis-master.prod.svc.cluster.local:6379
2026-09-30T09:27:16.344Z INFO  [http] HTTP szerver elindult a 8080-as porton
2026-09-30T09:27:16.500Z INFO  [health] Readiness probe: OK
2026-09-30T09:27:21.008Z INFO  [http] GET /api/termekek 200 52ms
2026-09-30T09:27:30.450Z INFO  [http] GET /api/termekek/1042 200 14ms
2026-09-30T09:27:45.213Z INFO  [http] GET /api/kosar 200 18ms
2026-09-30T09:28:02.774Z INFO  [http] POST /api/rendeles 201 131ms
2026-09-30T09:28:02.860Z INFO  [mail] Visszaigazoló e-mail elküldve: rendeles_id=88240
2026-09-30T09:30:00.001Z INFO  [health] Liveness probe: OK
2026-09-30T09:30:00.120Z INFO  [metrics] Aktív kapcsolatok: 4/20, átlagos válaszidő: 41ms
2026-09-30T09:30:00.121Z INFO  [main] Alkalmazás fut
